// Jest Snapshot v1, https://goo.gl/fbAQLP

exports[`Test Feedback matches snapshot 1`] = `
<body>
  <div>
    <div
      class="container"
    >
      <div
        class="row justify-content-center"
      >
        <div
          class="col-md-6 "
        >
          <h2
            style="color: yellow; margin: 20px;"
          >
            FeedBack
          </h2>
          <input
            class="form-control"
            data-testid="user-input"
            placeholder="Name"
            type="text"
            value=""
          />
          <input
            class="form-control"
            placeholder="Contact"
            type="text"
            value=""
          />
          <input
            class="form-control"
            placeholder="FeedBack"
            type="textarea"
            value=""
          />
          <button
            class="btn btn-lg btn-primary"
            data-testid="input-submit"
          >
            Submit
          </button>
          <button
            class="btn btn-lg btn-neutral"
            data-testid="input-reset"
          >
            Reset
          </button>
        </div>
        <div
          class="col-md-10"
        >
          <div
            class="order-form"
          >
            <h1
              style="margin: 30px;"
            >
              Past FeedBacks
            </h1>
            <table
              class="table table-dark table-striped table-bordered"
            >
              <thead
                class="thead"
              >
                <tr>
                  <th>
                    Sr.no.
                  </th>
                  <th>
                    Name
                  </th>
                  <th>
                    Contact
                  </th>
                  <th>
                    FeedBack
                  </th>
                </tr>
              </thead>
              <tbody />
            </table>
          </div>
        </div>
      </div>
    </div>
  </div>
</body>
`;
