// Jest Snapshot v1, https://goo.gl/fbAQLP

exports[`Test Order matches snapshot 1`] = `
<body>
  <div>
    <div
      class="container"
    >
      <div
        class="row justify-content-center"
      >
        <div
          class="col-md-6"
        >
          <h1
            style="color: yellow; margin: 20px; font-weight: bold;"
          >
            Order Now!
          </h1>
          <div
            class="order-form"
          >
            <input
              class="form-control"
              data-testid="user-input"
              placeholder="Name"
              type="text"
              value=""
            />
            <input
              class="form-control"
              data-testid="contact-input"
              placeholder="Contact"
              type="tel"
              value=""
            />
            <select
              class="form-select"
            >
              <option
                disabled=""
                value="none"
              >
                Select Category
              </option>
            </select>
            <select
              class="form-select"
            >
              <option
                disabled=""
                hidden=""
                value="none"
              >
                Select Meal
              </option>
            </select>
            <button
              class="btn btn-lg btn-warning"
              data-testid="button-submit"
            >
              ORDER!
            </button>
            <button
              class="btn btn-lg btn-neutral"
              data-testid="button-reset"
            >
              Reset
            </button>
          </div>
        </div>
        <div
          class="col-md-10"
        >
          <h1
            style="margin: 40px;"
          >
            All Orders
          </h1>
          <table
            class="table table-dark table-striped table-bordered"
          >
            <thead
              class="thead"
            >
              <tr>
                <th>
                  Sr.no.
                </th>
                <th>
                  Name
                </th>
                <th>
                  Contact
                </th>
                <th>
                  Orders
                </th>
                <th>
                  Price
                </th>
              </tr>
            </thead>
            <tbody />
          </table>
        </div>
      </div>
    </div>
  </div>
</body>
`;
